Archive member included to satisfy reference by file (symbol)

C:/ST/STM32CubeIDE_1.15.0/STM32CubeIDE/plugins/com.st.stm32cube.ide.mcu.externaltools.gnu-tools-for-stm32.12.3.rel1.win32_1.0.100.202403111256/tools/bin/../lib/gcc/arm-none-eabi/12.3.1/../../../../arm-none-eabi/lib/thumb/v6-m/nofp\libc_nano.a(libc_a-exit.o)
                              C:/ST/STM32CubeIDE_1.15.0/STM32CubeIDE/plugins/com.st.stm32cube.ide.mcu.externaltools.gnu-tools-for-stm32.12.3.rel1.win32_1.0.100.202403111256/tools/bin/../lib/gcc/arm-none-eabi/12.3.1/../../../../arm-none-eabi/lib/thumb/v6-m/nofp/crt0.o (exit)
C:/ST/STM32CubeIDE_1.15.0/STM32CubeIDE/plugins/com.st.stm32cube.ide.mcu.externaltools.gnu-tools-for-stm32.12.3.rel1.win32_1.0.100.202403111256/tools/bin/../lib/gcc/arm-none-eabi/12.3.1/../../../../arm-none-eabi/lib/thumb/v6-m/nofp\libc_nano.a(libc_a-findfp.o)
                              C:/ST/STM32CubeIDE_1.15.0/STM32CubeIDE/plugins/com.st.stm32cube.ide.mcu.externaltools.gnu-tools-for-stm32.12.3.rel1.win32_1.0.100.202403111256/tools/bin/../lib/gcc/arm-none-eabi/12.3.1/../../../../arm-none-eabi/lib/thumb/v6-m/nofp\libc_nano.a(libc_a-exit.o) (__stdio_exit_handler)
C:/ST/STM32CubeIDE_1.15.0/STM32CubeIDE/plugins/com.st.stm32cube.ide.mcu.externaltools.gnu-tools-for-stm32.12.3.rel1.win32_1.0.100.202403111256/tools/bin/../lib/gcc/arm-none-eabi/12.3.1/../../../../arm-none-eabi/lib/thumb/v6-m/nofp\libc_nano.a(libc_a-fwalk.o)
                              C:/ST/STM32CubeIDE_1.15.0/STM32CubeIDE/plugins/com.st.stm32cube.ide.mcu.externaltools.gnu-tools-for-stm32.12.3.rel1.win32_1.0.100.202403111256/tools/bin/../lib/gcc/arm-none-eabi/12.3.1/../../../../arm-none-eabi/lib/thumb/v6-m/nofp\libc_nano.a(libc_a-findfp.o) (_fwalk_sglue)
C:/ST/STM32CubeIDE_1.15.0/STM32CubeIDE/plugins/com.st.stm32cube.ide.mcu.externaltools.gnu-tools-for-stm32.12.3.rel1.win32_1.0.100.202403111256/tools/bin/../lib/gcc/arm-none-eabi/12.3.1/../../../../arm-none-eabi/lib/thumb/v6-m/nofp\libc_nano.a(libc_a-stdio.o)
                              C:/ST/STM32CubeIDE_1.15.0/STM32CubeIDE/plugins/com.st.stm32cube.ide.mcu.externaltools.gnu-tools-for-stm32.12.3.rel1.win32_1.0.100.202403111256/tools/bin/../lib/gcc/arm-none-eabi/12.3.1/../../../../arm-none-eabi/lib/thumb/v6-m/nofp\libc_nano.a(libc_a-findfp.o) (__sread)
C:/ST/STM32CubeIDE_1.15.0/STM32CubeIDE/plugins/com.st.stm32cube.ide.mcu.externaltools.gnu-tools-for-stm32.12.3.rel1.win32_1.0.100.202403111256/tools/bin/../lib/gcc/arm-none-eabi/12.3.1/../../../../arm-none-eabi/lib/thumb/v6-m/nofp\libc_nano.a(libc_a-memset.o)
                              C:/ST/STM32CubeIDE_1.15.0/STM32CubeIDE/plugins/com.st.stm32cube.ide.mcu.externaltools.gnu-tools-for-stm32.12.3.rel1.win32_1.0.100.202403111256/tools/bin/../lib/gcc/arm-none-eabi/12.3.1/../../../../arm-none-eabi/lib/thumb/v6-m/nofp/crt0.o (memset)
C:/ST/STM32CubeIDE_1.15.0/STM32CubeIDE/plugins/com.st.stm32cube.ide.mcu.externaltools.gnu-tools-for-stm32.12.3.rel1.win32_1.0.100.202403111256/tools/bin/../lib/gcc/arm-none-eabi/12.3.1/../../../../arm-none-eabi/lib/thumb/v6-m/nofp\libc_nano.a(libc_a-closer.o)
                              C:/ST/STM32CubeIDE_1.15.0/STM32CubeIDE/plugins/com.st.stm32cube.ide.mcu.externaltools.gnu-tools-for-stm32.12.3.rel1.win32_1.0.100.202403111256/tools/bin/../lib/gcc/arm-none-eabi/12.3.1/../../../../arm-none-eabi/lib/thumb/v6-m/nofp\libc_nano.a(libc_a-stdio.o) (_close_r)
C:/ST/STM32CubeIDE_1.15.0/STM32CubeIDE/plugins/com.st.stm32cube.ide.mcu.externaltools.gnu-tools-for-stm32.12.3.rel1.win32_1.0.100.202403111256/tools/bin/../lib/gcc/arm-none-eabi/12.3.1/../../../../arm-none-eabi/lib/thumb/v6-m/nofp\libc_nano.a(libc_a-reent.o)
                              C:/ST/STM32CubeIDE_1.15.0/STM32CubeIDE/plugins/com.st.stm32cube.ide.mcu.externaltools.gnu-tools-for-stm32.12.3.rel1.win32_1.0.100.202403111256/tools/bin/../lib/gcc/arm-none-eabi/12.3.1/../../../../arm-none-eabi/lib/thumb/v6-m/nofp\libc_nano.a(libc_a-closer.o) (errno)
C:/ST/STM32CubeIDE_1.15.0/STM32CubeIDE/plugins/com.st.stm32cube.ide.mcu.externaltools.gnu-tools-for-stm32.12.3.rel1.win32_1.0.100.202403111256/tools/bin/../lib/gcc/arm-none-eabi/12.3.1/../../../../arm-none-eabi/lib/thumb/v6-m/nofp\libc_nano.a(libc_a-impure.o)
                              C:/ST/STM32CubeIDE_1.15.0/STM32CubeIDE/plugins/com.st.stm32cube.ide.mcu.externaltools.gnu-tools-for-stm32.12.3.rel1.win32_1.0.100.202403111256/tools/bin/../lib/gcc/arm-none-eabi/12.3.1/../../../../arm-none-eabi/lib/thumb/v6-m/nofp\libc_nano.a(libc_a-reent.o) (_impure_ptr)
C:/ST/STM32CubeIDE_1.15.0/STM32CubeIDE/plugins/com.st.stm32cube.ide.mcu.externaltools.gnu-tools-for-stm32.12.3.rel1.win32_1.0.100.202403111256/tools/bin/../lib/gcc/arm-none-eabi/12.3.1/../../../../arm-none-eabi/lib/thumb/v6-m/nofp\libc_nano.a(libc_a-lseekr.o)
[...]
Memory Configuration

Name             Origin             Length             Attributes
RAM              0x20000000         0x00002000         xrw
FLASH            0x08000000         0x00008000         xr
*default*        0x00000000         0xffffffff

Linker script and memory map

LOAD C:/ST/STM32CubeIDE_1.15.0/STM32CubeIDE/plugins/com.st.stm32cube.ide.mcu.externaltools.gnu-tools-for-stm32.12.3.rel1.win32_1.0.100.202403111256/tools/bin/../lib/gcc/arm-none-eabi/12.3.1/thumb/v6-m/nofp/crti.o
LOAD C:/ST/STM32CubeIDE_1.15.0/STM32CubeIDE/plugins/com.st.stm32cube.ide.mcu.externaltools.gnu-tools-for-stm32.12.3.rel1.win32_1.0.100.202403111256/tools/bin/../lib/gcc/arm-none-eabi/12.3.1/thumb/v6-m/nofp/crtbegin.o
LOAD C:/ST/STM32CubeIDE_1.15.0/STM32CubeIDE/plugins/com.st.stm32cube.ide.mcu.externaltools.gnu-tools-for-stm32.12.3.rel1.win32_1.0.100.202403111256/tools/bin/../lib/gcc/arm-none-eabi/12.3.1/../../../../arm-none-eabi/lib/thumb/v6-m/nofp/crt0.o
LOAD ./Core/Src/VL53L1X_api.o
LOAD ./Core/Src/VL53L1X_calibration.o
LOAD ./Core/Src/custom_interrupt.o
LOAD ./Core/Src/main.o
LOAD ./Core/Src/stm32l0xx_hal_msp.o
LOAD ./Core/Src/stm32l0xx_it.o
LOAD ./Core/Src/syscalls.o
LOAD ./Core/Src/sysmem.o
LOAD ./Core/Src/system_stm32l0xx.o
LOAD ./Core/Src/vl53l1_platform.o
LOAD ./Core/Startup/startup_stm32l031f6px.o
LOAD ./Drivers/STM32L0xx_HAL_Driver/Src/stm32l0xx_hal.o
LOAD ./Drivers/STM32L0xx_HAL_Driver/Src/stm32l0xx_hal_adc.o
LOAD ./Drivers/STM32L0xx_HAL_Driver/Src/stm32l0xx_hal_adc_ex.o
LOAD ./Drivers/STM32L0xx_HAL_Driver/Src/stm32l0xx_hal_cortex.o
LOAD ./Drivers/STM32L0xx_HAL_Driver/Src/stm32l0xx_hal_dma.o
LOAD ./Drivers/STM32L0xx_HAL_Driver/Src/stm32l0xx_hal_exti.o
LOAD ./Drivers/STM32L0xx_HAL_Driver/Src/stm32l0xx_hal_flash.o
LOAD ./Drivers/STM32L0xx_HAL_Driver/Src/stm32l0xx_hal_flash_ex.o
LOAD ./Drivers/STM32L0xx_HAL_Driver/Src/stm32l0xx_hal_flash_ramfunc.o
LOAD ./Drivers/STM32L0xx_HAL_Driver/Src/stm32l0xx_hal_gpio.o
LOAD ./Drivers/STM32L0xx_HAL_Driver/Src/stm32l0xx_hal_i2c.o
LOAD ./Drivers/STM32L0xx_HAL_Driver/Src/stm32l0xx_hal_i2c_ex.o
LOAD ./Drivers/STM32L0xx_HAL_Driver/Src/stm32l0xx_hal_pwr.o
LOAD ./Drivers/STM32L0xx_HAL_Driver/Src/stm32l0xx_hal_pwr_ex.o
LOAD ./Drivers/STM32L0xx_HAL_Driver/Src/stm32l0xx_hal_rcc.o
LOAD ./Drivers/STM32L0xx_HAL_Driver/Src/stm32l0xx_hal_rcc_ex.o
LOAD ./Drivers/STM32L0xx_HAL_Driver/Src/stm32l0xx_hal_rtc.o
LOAD ./Drivers/STM32L0xx_HAL_Driver/Src/stm32l0xx_hal_rtc_ex.o
LOAD ./Drivers/STM32L0xx_HAL_Driver/Src/stm32l0xx_hal_tim.o
LOAD ./Drivers/STM32L0xx_HAL_Driver/Src/stm32l0xx_hal_tim_ex.o
START GROUP
LOAD C:/ST/STM32CubeIDE_1.15.0/STM32CubeIDE/plugins/com.st.stm32cube.ide.mcu.externaltools.gnu-tools-for-stm32.12.3.rel1.win32_1.0.100.202403111256/tools/bin/../lib/gcc/arm-none-eabi/12.3.1/../../../../arm-none-eabi/lib/thumb/v6-m/nofp\libc_nano.a
LOAD C:/ST/STM32CubeIDE_1.15.0/STM32CubeIDE/plugins/com.st.stm32cube.ide.mcu.externaltools.gnu-tools-for-stm32.12.3.rel1.win32_1.0.100.202403111256/tools/bin/../lib/gcc/arm-none-eabi/12.3.1/../../../../arm-none-eabi/lib/thumb/v6-m/nofp\libm.a
END GROUP
START GROUP
LOAD C:/ST/STM32CubeIDE_1.15.0/STM32CubeIDE/plugins/com.st.stm32cube.ide.mcu.externaltools.gnu-tools-for-stm32.12.3.rel1.win32_1.0.100.202403111256/tools/bin/../lib/gcc/arm-none-eabi/12.3.1/thumb/v6-m/nofp\libgcc.a
LOAD C:/ST/STM32CubeIDE_1.15.0/STM32CubeIDE/plugins/com.st.stm32cube.ide.mcu.externaltools.gnu-tools-for-stm32.12.3.rel1.win32_1.0.100.202403111256/tools/bin/../lib/gcc/arm-none-eabi/12.3.1/../../../../arm-none-eabi/lib/thumb/v6-m/nofp\libc_nano.a
END GROUP
START GROUP
LOAD C:/ST/STM32CubeIDE_1.15.0/STM32CubeIDE/plugins/com.st.stm32cube.ide.mcu.externaltools.gnu-tools-for-stm32.12.3.rel1.win32_1.0.100.202403111256/tools/bin/../lib/gcc/arm-none-eabi/12.3.1/thumb/v6-m/nofp\libgcc.a
LOAD C:/ST/STM32CubeIDE_1.15.0/STM32CubeIDE/plugins/com.st.stm32cube.ide.mcu.externaltools.gnu-tools-for-stm32.12.3.rel1.win32_1.0.100.202403111256/tools/bin/../lib/gcc/arm-none-eabi/12.3.1/../../../../arm-none-eabi/lib/thumb/v6-m/nofp\libc_nano.a
LOAD C:/ST/STM32CubeIDE_1.15.0/STM32CubeIDE/plugins/com.st.stm32cube.ide.mcu.externaltools.gnu-tools-for-stm32.12.3.rel1.win32_1.0.100.202403111256/tools/bin/../lib/gcc/arm-none-eabi/12.3.1/../../../../arm-none-eabi/lib/thumb/v6-m/nofp\libnosys.a
END GROUP
START GROUP
LOAD C:/ST/STM32CubeIDE_1.15.0/STM32CubeIDE/plugins/com.st.stm32cube.ide.mcu.externaltools.gnu-tools-for-stm32.12.3.rel1.win32_1.0.100.202403111256/tools/bin/../lib/gcc/arm-none-eabi/12.3.1/thumb/v6-m/nofp\libgcc.a
LOAD C:/ST/STM32CubeIDE_1.15.0/STM32CubeIDE/plugins/com.st.stm32cube.ide.mcu.externaltools.gnu-tools-for-stm32.12.3.rel1.win32_1.0.100.202403111256/tools/bin/../lib/gcc/arm-none-eabi/12.3.1/../../../../arm-none-eabi/lib/thumb/v6-m/nofp\libc_nano.a
LOAD C:/ST/STM32CubeIDE_1.15.0/STM32CubeIDE/plugins/com.st.stm32cube.ide.mcu.externaltools.gnu-tools-for-stm32.12.3.rel1.win32_1.0.100.202403111256/tools/bin/../lib/gcc/arm-none-eabi/12.3.1/../../../../arm-none-eabi/lib/thumb/v6-m/nofp\libnosys.a
END GROUP
LOAD C:/ST/STM32CubeIDE_1.15.0/STM32CubeIDE/plugins/com.st.stm32cube.ide.mcu.externaltools.gnu-tools-for-stm32.12.3.rel1.win32_1.0.100.202403111256/tools/bin/../lib/gcc/arm-none-eabi/12.3.1/thumb/v6-m/nofp/crtend.o
LOAD C:/ST/STM32CubeIDE_1.15.0/STM32CubeIDE/plugins/com.st.stm32cube.ide.mcu.externaltools.gnu-tools-for-stm32.12.3.rel1.win32_1.0.100.202403111256/tools/bin/../lib/gcc/arm-none-eabi/12.3.1/thumb/v6-m/nofp/crtn.o
                0x20002000                        _estack = (ORIGIN (RAM) + LENGTH (RAM))
                0x00000200                        _Min_Heap_Size = 0x200
                0x00000400                        _Min_Stack_Size = 0x400

.isr_vector     0x08000000       0xc0
                0x08000000                        . = ALIGN (0x4)
 *(.isr_vector)
 .isr_vector    0x08000000       0xc0 ./Core/Startup/startup_stm32l031f6px.o
                0x08000000                g_pfnVectors
                0x080000c0                        . = ALIGN (0x4)

.text           0x080000c0     0x7b28
                0x080000c0                        . = ALIGN (0x4)
 *(.text)
 .text          0x080000c0       0x48 C:/ST/STM32CubeIDE_1.15.0/STM32CubeIDE/plugins/com.st.stm32cube.ide.mcu.externaltools.gnu-tools-for-stm32.12.3.rel1.win32_1.0.100.202403111256/tools/bin/../lib/gcc/arm-none-eabi/12.3.1/thumb/v6-m/nofp/crtbegin.o
 .text          0x08000108       0x74 ./Core/Src/custom_interrupt.o
                0x08000108                RUN_interrupt
                0x0800010c                interrupt_init
                0x0800015c                EXTI4_15_IRQHandler
 .text          0x0800017c       0xa4 ./Core/Src/main.o
                0x0800017c                SystemClock_Config
                0x0800021c                Error_Handler
 .text          0x08000220      0x254 ./Core/Src/stm32l0xx_hal_msp.o
                0x08000220                HAL_MspInit
                0x0800023c                HAL_ADC_MspInit
                0x080002d0                HAL_ADC_MspDeInit
                0x08000308                HAL_I2C_MspInit
                0x080003e4                HAL_I2C_MspDeInit
                0x08000430                HAL_RTC_MspInit
                0x08000450                HAL_RTC_MspDeInit
 .text          0x08000474       0xd4 ./Core/Src/stm32l0xx_it.o
                0x08000474                NMI_Handler
                0x08000478                HardFault_Handler
                0x0800047c                SVC_Handler
                0x08000480                PendSV_Handler
                0x08000484                SysTick_Handler
                0x0800048c                DMA1_Channel1_IRQHandler
                0x08000528                DMA1_Channel2_3_IRQHandler
                0x08000538                DMA1_Channel4_5_6_7_IRQHandler
 .text          0x08000548       0xc8 ./Core/Src/system_stm32l0xx.o
                0x08000548                SystemInit
                0x0800054c                SystemCoreClockUpdate
 .text          0x08000610      0x258 ./Drivers/STM32L0xx_HAL_Driver/Src/stm32l0xx_hal.o
                0x08000614                HAL_MspDeInit
                0x08000618                HAL_DeInit
                0x08000640                HAL_InitTick
                0x08000688                HAL_Init
                0x080006b0                HAL_IncTick
                0x080006c8                HAL_GetTick
                0x080006d4                HAL_GetTickPrio
                0x080006e0                HAL_SetTickFreq
                0x08000704                HAL_GetTickFreq
                0x08000710                HAL_Delay
                0x08000734                HAL_SuspendTick
                0x08000744                HAL_ResumeTick
                0x08000754                HAL_GetHalVersion
                0x0800075c                HAL_GetREVID
                0x08000768                HAL_GetDEVID
                0x08000778                HAL_GetUIDw0
                0x08000784                HAL_GetUIDw1
                0x08000790                HAL_GetUIDw2
                0x0800079c                HAL_DBGMCU_EnableDBGSleepMode
                0x080007ac                HAL_DBGMCU_DisableDBGSleepMode
                0x080007bc                HAL_DBGMCU_EnableDBGStopMode
                0x080007cc                HAL_DBGMCU_DisableDBGStopMode
                0x080007dc                HAL_DBGMCU_EnableDBGStandbyMode
                0x080007ec                HAL_DBGMCU_DisableDBGStandbyMode
                0x080007fc                HAL_DBGMCU_DBG_EnableLowPowerConfig
                0x0800080c                HAL_DBGMCU_DBG_DisableLowPowerConfig
                0x0800081c                HAL_SYSCFG_GetBootMode
                0x0800082c                HAL_SYSCFG_VREFINT_OutputSelect
                0x08000844                HAL_SYSCFG_Enable_Lock_VREFINT
                0x08000858                HAL_SYSCFG_Disable_Lock_VREFINT
 .text          0x08000868      0xaec ./Drivers/STM32L0xx_HAL_Driver/Src/stm32l0xx_hal_adc.o
                0x080009fc                HAL_ADC_Init
                0x08000bb8                HAL_ADC_DeInit
                0x08000c60                HAL_ADC_Start
                0x08000cb8                HAL_ADC_Stop
                0x08000cf8                HAL_ADC_PollForConversion
                0x08000de0                HAL_ADC_PollForEvent
                0x08000e84                HAL_ADC_Start_IT
                0x08000efc                HAL_ADC_Stop_IT
                0x08000f44                HAL_ADC_Start_DMA
                0x08000fcc                HAL_ADC_Stop_DMA
                0x08001058                HAL_ADC_GetValue
                0x08001060                HAL_ADC_ConvCpltCallback
                0x080010d8                HAL_ADC_ConvHalfCpltCallback
                0x080010dc                HAL_ADC_LevelOutOfWindowCallback
                0x080010e0                HAL_ADC_ErrorCallback
                0x08001100                HAL_ADC_IRQHandler
                0x080011dc                HAL_ADC_ConfigChannel
                0x080012b4                HAL_ADC_AnalogWDGConfig
                0x0800134c                HAL_ADC_GetState
                0x08001350                HAL_ADC_GetError
 .text          0x08001354      0x1bc ./Drivers/STM32L0xx_HAL_Driver/Src/stm32l0xx_hal_adc_ex.o
                0x08001354                HAL_ADCEx_Calibration_Start
                0x08001400                HAL_ADCEx_Calibration_GetValue
                0x0800140c                HAL_ADCEx_Calibration_SetValue
                0x08001468                HAL_ADCEx_EnableVREFINT
                0x080014a8                HAL_ADCEx_DisableVREFINT
                0x080014bc                HAL_ADCEx_EnableVREFINTTempSensor
                0x080014fc                HAL_ADCEx_DisableVREFINTTempSensor
 .text          0x08001510      0x19c ./Drivers/STM32L0xx_HAL_Driver/Src/stm32l0xx_hal_cortex.o
                0x08001510                HAL_NVIC_SetPriority
                0x08001564                HAL_NVIC_EnableIRQ
                0x0800157c                HAL_NVIC_DisableIRQ
                0x0800159c                HAL_NVIC_SystemReset
                0x080015b8                HAL_SYSTICK_Config
                0x080015ec                HAL_NVIC_GetPriority
                0x0800162c                HAL_NVIC_SetPendingIRQ
                0x08001648                HAL_NVIC_GetPendingIRQ
                0x08001668                HAL_NVIC_ClearPendingIRQ
                0x08001684                HAL_SYSTICK_CLKSourceConfig
                0x080016a0                HAL_SYSTICK_Callback
                0x080016a4                HAL_SYSTICK_IRQHandler
 .text          0x080016ac      0x4c8 ./Drivers/STM32L0xx_HAL_Driver/Src/stm32l0xx_hal_dma.o
                0x080016ac                HAL_DMA_Init
                0x08001738                HAL_DMA_DeInit
                0x08001798                HAL_DMA_Start
                0x08001808                HAL_DMA_Start_IT
                0x0800189c                HAL_DMA_Abort
                0x080018dc                HAL_DMA_Abort_IT
                0x08001924                HAL_DMA_PollForTransfer
                0x08001a18                HAL_DMA_IRQHandler
                0x08001ab8                HAL_DMA_RegisterCallback
                0x08001b04                HAL_DMA_UnRegisterCallback
                0x08001b68                HAL_DMA_GetState
                0x08001b70                HAL_DMA_GetError
 .text          0x08001b74      0x22c ./Drivers/STM32L0xx_HAL_Driver/Src/stm32l0xx_hal_exti.o
                0x08001b74                HAL_EXTI_SetConfigLine
                0x08001c2c                HAL_EXTI_GetConfigLine
                0x08001cb4                HAL_EXTI_ClearConfigLine
                0x08001d1c                HAL_EXTI_RegisterCallback
                0x08001d2c                HAL_EXTI_GetHandle
                0x08001d3c                HAL_EXTI_IRQHandler
                0x08001d60                HAL_EXTI_GetPending
                0x08001d78                HAL_EXTI_ClearPending
                0x08001d8c                HAL_EXTI_GenerateSWI
 .text          0x08001da0      0x36c ./Drivers/STM32L0xx_HAL_Driver/Src/stm32l0xx_hal_gpio.o
                0x08001da0                HAL_GPIO_Init
                0x08001f8c                HAL_GPIO_DeInit
                0x080020a0                HAL_GPIO_ReadPin
                0x080020ac                HAL_GPIO_WritePin
                0x080020b8                HAL_GPIO_TogglePin
                0x080020c8                HAL_GPIO_LockPin
                0x080020f0                HAL_GPIO_EXTI_Callback
                0x080020f4                HAL_GPIO_EXTI_IRQHandler
 .text          0x0800210c     0x4384 ./Drivers/STM32L0xx_HAL_Driver/Src/stm32l0xx_hal_i2c.o
                0x0800267c                HAL_I2C_Init
                0x08002730                HAL_I2C_DeInit
                0x08002764                HAL_I2C_Master_Transmit
                0x08002af0                HAL_I2C_Master_Receive
                0x08002cc4                HAL_I2C_Slave_Transmit
                0x08002f18                HAL_I2C_Slave_Receive
                0x080030ec                HAL_I2C_Master_Transmit_IT
                0x0800318c                HAL_I2C_Master_Receive_IT
                0x0800322c                HAL_I2C_Slave_Transmit_IT
                0x080032b0                HAL_I2C_Slave_Receive_IT
                0x08003308                HAL_I2C_Master_Transmit_DMA
                0x08003454                HAL_I2C_Master_Receive_DMA
                0x08003594                HAL_I2C_Slave_Transmit_DMA
                0x080036b4                HAL_I2C_Slave_Receive_DMA
                0x0800379c                HAL_I2C_Mem_Write
                0x08003a20                HAL_I2C_Mem_Read
                0x08003cd8                HAL_I2C_Mem_Write_IT
                0x08003db8                HAL_I2C_Mem_Read_IT
                0x08003e98                HAL_I2C_Mem_Write_DMA
                0x08003ffc                HAL_I2C_Mem_Read_DMA
                0x08004160                HAL_I2C_IsDeviceReady
                0x08004328                HAL_I2C_Master_Seq_Transmit_IT
                0x08004410                HAL_I2C_Master_Seq_Transmit_DMA
                0x080045b0                HAL_I2C_Master_Seq_Receive_IT
                0x08004698                HAL_I2C_Master_Seq_Receive_DMA
                0x08004834                HAL_I2C_Slave_Seq_Transmit_IT
                0x08004920                HAL_I2C_Slave_Seq_Transmit_DMA
                0x08004b04                HAL_I2C_Slave_Seq_Receive_IT
                0x08004bf4                HAL_I2C_Slave_Seq_Receive_DMA
                0x08004dcc                HAL_I2C_EnableListen_IT
                0x08004df4                HAL_I2C_DisableListen_IT
                0x08004e28                HAL_I2C_Master_Abort_IT
                0x08004ef0                HAL_I2C_EV_IRQHandler
                0x08004f04                HAL_I2C_MasterTxCpltCallback
                0x08004f08                HAL_I2C_MasterRxCpltCallback
                0x08004f0c                HAL_I2C_SlaveTxCpltCallback
                0x08004f10                HAL_I2C_SlaveRxCpltCallback
                0x08005118                HAL_I2C_AddrCallback
                0x080051a8                HAL_I2C_ListenCpltCallback
                0x080051ac                HAL_I2C_MemTxCpltCallback
                0x080051b0                HAL_I2C_MemRxCpltCallback
                0x080051b4                HAL_I2C_ErrorCallback
                0x080051b8                HAL_I2C_AbortCpltCallback
                0x08005dec                HAL_I2C_ER_IRQHandler
                0x0800647c                HAL_I2C_GetState
                0x08006484                HAL_I2C_GetMode
                0x0800648c                HAL_I2C_GetError
 .text          0x08006490      0x164 ./Drivers/STM32L0xx_HAL_Driver/Src/stm32l0xx_hal_i2c_ex.o
                0x08006490                HAL_I2CEx_ConfigAnalogFilter
                0x080064dc                HAL_I2CEx_ConfigDigitalFilter
                0x08006538                HAL_I2CEx_EnableWakeUp
                0x08006578                HAL_I2CEx_DisableWakeUp
                0x080065bc                HAL_I2CEx_EnableFastModePlus
                0x080065d8                HAL_I2CEx_DisableFastModePlus
 .text          0x080065f4      0xab8 ./Drivers/STM32L0xx_HAL_Driver/Src/stm32l0xx_hal_rcc.o
                0x080065f4                HAL_RCC_DeInit
                0x080066dc                HAL_RCC_MCOConfig
                0x08006780                HAL_RCC_EnableCSS
                0x08006794                HAL_RCC_GetSysClockFreq
                0x08006824                HAL_RCC_OscConfig
                0x08006d8c                HAL_RCC_ClockConfig
                0x08006f68                HAL_RCC_GetHCLKFreq
                0x08006f74                HAL_RCC_GetPCLK1Freq
                0x08006f94                HAL_RCC_GetPCLK2Freq
                0x08006fb4                HAL_RCC_GetOscConfig
                0x0800704c                HAL_RCC_GetClockConfig
                0x0800708c                HAL_RCC_CSSCallback
                0x08007090                HAL_RCC_NMI_IRQHandler
 .text          0x080070ac      0x3ec ./Drivers/STM32L0xx_HAL_Driver/Src/stm32l0xx_hal_rcc_ex.o
                0x080070ac                HAL_RCCEx_PeriphCLKConfig
                0x0800725c                HAL_RCCEx_GetPeriphCLKConfig
                0x080072a8                HAL_RCCEx_GetPeriphCLKFreq
                0x08007418                HAL_RCCEx_EnableLSECSS
                0x0800742c                HAL_RCCEx_DisableLSECSS
                0x08007448                HAL_RCCEx_EnableLSECSS_IT
                0x08007478                HAL_RCCEx_LSECSS_Callback
                0x0800747c                HAL_RCCEx_LSECSS_IRQHandler
 .text          0x08007498      0x114 C:/ST/STM32CubeIDE_1.15.0/STM32CubeIDE/plugins/com.st.stm32cube.ide.mcu.externaltools.gnu-tools-for-stm32.12.3.rel1.win32_1.0.100.202403111256/tools/bin/../lib/gcc/arm-none-eabi/12.3.1/thumb/v6-m/nofp\libgcc.a(_udivsi3.o)
                0x08007498                __aeabi_uidiv
                0x08007498                __udivsi3
                0x080075a4                __aeabi_uidivmod
 .text          0x080075ac        0x4 C:/ST/STM32CubeIDE_1.15.0/STM32CubeIDE/plugins/com.st.stm32cube.ide.mcu.externaltools.gnu-tools-for-stm32.12.3.rel1.win32_1.0.100.202403111256/tools/bin/../lib/gcc/arm-none-eabi/12.3.1/thumb/v6-m/nofp\libgcc.a(_dvmd_tls.o)
                0x080075ac                __aeabi_idiv0
                0x080075ac                __aeabi_ldiv0
 .text          0x080075b0       0x40 C:/ST/STM32CubeIDE_1.15.0/STM32CubeIDE/plugins/com.st.stm32cube.ide.mcu.externaltools.gnu-tools-for-stm32.12.3.rel1.win32_1.0.100.202403111256/tools/bin/../lib/gcc/arm-none-eabi/12.3.1/thumb/v6-m/nofp\libgcc.a(_aeabi_uldivmod.o)
                0x080075b0                __aeabi_uldivmod
 .text          0x080075f0       0x5c C:/ST/STM32CubeIDE_1.15.0/STM32CubeIDE/plugins/com.st.stm32cube.ide.mcu.externaltools.gnu-tools-for-stm32.12.3.rel1.win32_1.0.100.202403111256/tools/bin/../lib/gcc/arm-none-eabi/12.3.1/thumb/v6-m/nofp\libgcc.a(_muldi3.o)
                0x080075f0                __muldi3
                0x080075f0                __aeabi_lmul
 .text          0x0800764c      0x198 C:/ST/STM32CubeIDE_1.15.0/STM32CubeIDE/plugins/com.st.stm32cube.ide.mcu.externaltools.gnu-tools-for-stm32.12.3.rel1.win32_1.0.100.202403111256/tools/bin/../lib/gcc/arm-none-eabi/12.3.1/thumb/v6-m/nofp\libgcc.a(_udivmoddi4.o)
                0x0800764c                __udivmoddi4
 .text          0x080077e4       0x3c C:/ST/STM32CubeIDE_1.15.0/STM32CubeIDE/plugins/com.st.stm32cube.ide.mcu.externaltools.gnu-tools-for-stm32.12.3.rel1.win32_1.0.100.202403111256/tools/bin/../lib/gcc/arm-none-eabi/12.3.1/thumb/v6-m/nofp\libgcc.a(_clzsi2.o)
                0x080077e4                __clzsi2
 .text          0x08007820       0x18 C:/ST/STM32CubeIDE_1.15.0/STM32CubeIDE/plugins/com.st.stm32cube.ide.mcu.externaltools.gnu-tools-for-stm32.12.3.rel1.win32_1.0.100.202403111256/tools/bin/../lib/gcc/arm-none-eabi/12.3.1/thumb/v6-m/nofp\libgcc.a(_clzdi2.o)
                0x08007820                __clzdi2
 *(.text*)
 .text.startup  0x08007838      0x2ec ./Core/Src/main.o
                0x08007838                main
 .text.Reset_Handler
                0x08007b24       0x50 ./Core/Startup/startup_stm32l031f6px.o
                0x08007b24                Reset_Handler
 .text.Default_Handler
                0x08007b74        0x2 ./Core/Startup/startup_stm32l031f6px.o
                0x08007b74                ADC1_COMP_IRQHandler
                0x08007b74                PVD_IRQHandler
                0x08007b74                I2C1_IRQHandler
                0x08007b74                SPI1_IRQHandler
                0x08007b74                EXTI2_3_IRQHandler
                0x08007b74                RTC_IRQHandler
                0x08007b74                RCC_IRQHandler
                0x08007b74                Default_Handler
                0x08007b74                TIM22_IRQHandler
                0x08007b74                EXTI0_1_IRQHandler
                0x08007b74                TIM21_IRQHandler
                0x08007b74                WWDG_IRQHandler
                0x08007b74                LPUART1_IRQHandler
                0x08007b74                TIM2_IRQHandler
                0x08007b74                USART2_IRQHandler
                0x08007b74                FLASH_IRQHandler
                0x08007b74                LPTIM1_IRQHandler
 .text.memset   0x08007b76       0x10 C:/ST/STM32CubeIDE_1.15.0/STM32CubeIDE/plugins/com.st.stm32cube.ide.mcu.externaltools.gnu-tools-for-stm32.12.3.rel1.win32_1.0.100.202403111256/tools/bin/../lib/gcc/arm-none-eabi/12.3.1/../../../../arm-none-eabi/lib/thumb/v6-m/nofp\libc_nano.a(libc_a-memset.o)
                0x08007b76                memset
 *fill*         0x08007b86        0x2 
 .text.__libc_init_array
                0x08007b88       0x48 C:/ST/STM32CubeIDE_1.15.0/STM32CubeIDE/plugins/com.st.stm32cube.ide.mcu.externaltools.gnu-tools-for-stm32.12.3.rel1.win32_1.0.100.202403111256/tools/bin/../lib/gcc/arm-none-eabi/12.3.1/../../../../arm-none-eabi/lib/thumb/v6-m/nofp\libc_nano.a(libc_a-init.o)
                0x08007b88                __libc_init_array
 *(.glue_7)
 .glue_7        0x08007bd0        0x0 linker stubs
 *(.glue_7t)
 .glue_7t       0x08007bd0        0x0 linker stubs
 *(.eh_frame)
 .eh_frame      0x08007bd0        0x0 C:/ST/STM32CubeIDE_1.15.0/STM32CubeIDE/plugins/com.st.stm32cube.ide.mcu.externaltools.gnu-tools-for-stm32.12.3.rel1.win32_1.0.100.202403111256/tools/bin/../lib/gcc/arm-none-eabi/12.3.1/thumb/v6-m/nofp/crtbegin.o
 *(.init)
 .init          0x08007bd0        0x4 C:/ST/STM32CubeIDE_1.15.0/STM32CubeIDE/plugins/com.st.stm32cube.ide.mcu.externaltools.gnu-tools-for-stm32.12.3.rel1.win32_1.0.100.202403111256/tools/bin/../lib/gcc/arm-none-eabi/12.3.1/thumb/v6-m/nofp/crti.o
                0x08007bd0                _init
 .init          0x08007bd4        0x8 C:/ST/STM32CubeIDE_1.15.0/STM32CubeIDE/plugins/com.st.stm32cube.ide.mcu.externaltools.gnu-tools-for-stm32.12.3.rel1.win32_1.0.100.202403111256/tools/bin/../lib/gcc/arm-none-eabi/12.3.1/thumb/v6-m/nofp/crtn.o
 *(.fini)
 .fini          0x08007bdc        0x4 C:/ST/STM32CubeIDE_1.15.0/STM32CubeIDE/plugins/com.st.stm32cube.ide.mcu.externaltools.gnu-tools-for-stm32.12.3.rel1.win32_1.0.100.202403111256/tools/bin/../lib/gcc/arm-none-eabi/12.3.1/thumb/v6-m/nofp/crti.o
                0x08007bdc                _fini
 .fini          0x08007be0        0x8 C:/ST/STM32CubeIDE_1.15.0/STM32CubeIDE/plugins/com.st.stm32cube.ide.mcu.externaltools.gnu-tools-for-stm32.12.3.rel1.win32_1.0.100.202403111256/tools/bin/../lib/gcc/arm-none-eabi/12.3.1/thumb/v6-m/nofp/crtn.o
                0x08007be8                        . = ALIGN (0x4)
                0x08007be8                        _etext = .

.vfp11_veneer   0x08007be8        0x0
 .vfp11_veneer  0x08007be8        0x0 linker stubs

.v4_bx          0x08007be8        0x0
 .v4_bx         0x08007be8        0x0 linker stubs

.iplt           0x08007be8        0x0
 .iplt          0x08007be8        0x0 C:/ST/STM32CubeIDE_1.15.0/STM32CubeIDE/plugins/com.st.stm32cube.ide.mcu.externaltools.gnu-tools-for-stm32.12.3.rel1.win32_1.0.100.202403111256/tools/bin/../lib/gcc/arm-none-eabi/12.3.1/thumb/v6-m/nofp/crtbegin.o

.rodata         0x08007be8       0x38
                0x08007be8                        . = ALIGN (0x4)
 *(.rodata)
 .rodata        0x08007be8       0x24 ./Core/Src/system_stm32l0xx.o
                0x08007be8                PLLMulTable
                0x08007bf4                AHBPrescTable
                0x08007c04                APBPrescTable
 .rodata        0x08007c0c       0x14 ./Drivers/STM32L0xx_HAL_Driver/Src/stm32l0xx_hal_dma.o
 *(.rodata*)
                0x08007c20                        . = ALIGN (0x4)

.ARM.extab      0x08007c20        0x0
                0x08007c20                        . = ALIGN (0x4)
 *(.ARM.extab* .gnu.linkonce.armextab.*)
                0x08007c20                        . = ALIGN (0x4)

.ARM            0x08007c20        0x8
                0x08007c20                        . = ALIGN (0x4)
                0x08007c20                        __exidx_start = .
 *(.ARM.exidx*)
 .ARM.exidx     0x08007c20        0x8 C:/ST/STM32CubeIDE_1.15.0/STM32CubeIDE/plugins/com.st.stm32cube.ide.mcu.externaltools.gnu-tools-for-stm32.12.3.rel1.win32_1.0.100.202403111256/tools/bin/../lib/gcc/arm-none-eabi/12.3.1/thumb/v6-m/nofp\libgcc.a(_udivmoddi4.o)
                0x08007c28                        __exidx_end = .
                0x08007c28                        . = ALIGN (0x4)

.rel.dyn        0x08007c28        0x0
 .rel.iplt      0x08007c28        0x0 C:/ST/STM32CubeIDE_1.15.0/STM32CubeIDE/plugins/com.st.stm32cube.ide.mcu.externaltools.gnu-tools-for-stm32.12.3.rel1.win32_1.0.100.202403111256/tools/bin/../lib/gcc/arm-none-eabi/12.3.1/thumb/v6-m/nofp/crtbegin.o

.preinit_array  0x08007c28        0x0
                0x08007c28                        . = ALIGN (0x4)
                0x08007c28                        PROVIDE (__preinit_array_start = .)
 *(.preinit_array*)
                0x08007c28                        PROVIDE (__preinit_array_end = .)
                0x08007c28                        . = ALIGN (0x4)

.init_array     0x08007c28        0x4
                0x08007c28                        . = ALIGN (0x4)
                0x08007c28                        PROVIDE (__init_array_start = .)
 *(SORT_BY_NAME(.init_array.*))
 *(.init_array*)
 .init_array    0x08007c28        0x4 C:/ST/STM32CubeIDE_1.15.0/STM32CubeIDE/plugins/com.st.stm32cube.ide.mcu.externaltools.gnu-tools-for-stm32.12.3.rel1.win32_1.0.100.202403111256/tools/bin/../lib/gcc/arm-none-eabi/12.3.1/thumb/v6-m/nofp/crtbegin.o
                0x08007c2c                        PROVIDE (__init_array_end = .)
                0x08007c2c                        . = ALIGN (0x4)

.fini_array     0x08007c2c        0x4
                0x08007c2c                        . = ALIGN (0x4)
                [!provide]                        PROVIDE (__fini_array_start = .)
 *(SORT_BY_NAME(.fini_array.*))
 *(.fini_array*)
 .fini_array    0x08007c2c        0x4 C:/ST/STM32CubeIDE_1.15.0/STM32CubeIDE/plugins/com.st.stm32cube.ide.mcu.externaltools.gnu-tools-for-stm32.12.3.rel1.win32_1.0.100.202403111256/tools/bin/../lib/gcc/arm-none-eabi/12.3.1/thumb/v6-m/nofp/crtbegin.o
                [!provide]                        PROVIDE (__fini_array_end = .)
                0x08007c30                        . = ALIGN (0x4)
                0x08007c30                        _sidata = LOADADDR (.data)

.data           0x20000000       0x18 load address 0x08007c30
                0x20000000                        . = ALIGN (0x4)
                0x20000000                        _sdata = .
 *(.data)
 .data          0x20000000        0xa ./Core/Src/main.o
                0x20000000                adc_values
                0x20000004                pwm2
                0x20000006                pwm1
                0x20000008                error_direction
 *fill*         0x2000000a        0x2 
 .data          0x2000000c        0x4 ./Core/Src/system_stm32l0xx.o
                0x2000000c                SystemCoreClock
 .data          0x20000010        0x8 ./Drivers/STM32L0xx_HAL_Driver/Src/stm32l0xx_hal.o
                0x20000010                uwTickFreq
                0x20000014                uwTickPrio
 *(.data*)
 *(.RamFunc)
 *(.RamFunc*)
                0x20000018                        . = ALIGN (0x4)
                0x20000018                        _edata = .

.igot.plt       0x20000018        0x0 load address 0x08007c48
 .igot.plt      0x20000018        0x0 C:/ST/STM32CubeIDE_1.15.0/STM32CubeIDE/plugins/com.st.stm32cube.ide.mcu.externaltools.gnu-tools-for-stm32.12.3.rel1.win32_1.0.100.202403111256/tools/bin/../lib/gcc/arm-none-eabi/12.3.1/thumb/v6-m/nofp/crtbegin.o
                0x20000018                        . = ALIGN (0x4)

.bss            0x20000018      0x220 load address 0x08007c48
                0x20000018                        _sbss = .
                0x20000018                        __bss_start__ = _sbss
 *(.bss)
 .bss           0x20000018       0x1c C:/ST/STM32CubeIDE_1.15.0/STM32CubeIDE/plugins/com.st.stm32cube.ide.mcu.externaltools.gnu-tools-for-stm32.12.3.rel1.win32_1.0.100.202403111256/tools/bin/../lib/gcc/arm-none-eabi/12.3.1/thumb/v6-m/nofp/crtbegin.o
 .bss           0x20000034        0x8 ./Core/Src/custom_interrupt.o
                0x20000034                RUN_Handle
 .bss           0x2000003c      0x1f0 ./Core/Src/main.o
                0x2000003c                hadc
                0x20000098                hi2c1
                0x200000ec                adc_value_pointer
                0x200000f0                htim2
                0x20000130                hrtc
                0x20000154                hdma_i2c1_tx
                0x2000019c                hdma_i2c1_rx
                0x200001e4                hdma_adc
 .bss           0x2000022c        0x8 ./Core/Src/stm32l0xx_it.o
                0x2000022c                output_previous
                0x20000230                error_previous
 .bss           0x20000234        0x4 ./Drivers/STM32L0xx_HAL_Driver/Src/stm32l0xx_hal.o
                0x20000234                uwTick
 *(.bss*)
 *(COMMON)
                0x20000238                        . = ALIGN (0x4)
                0x20000238                        _ebss = .
                0x20000238                        __bss_end__ = _ebss

._user_heap_stack
                0x20000238      0x600 load address 0x08007c48
                0x20000238                        . = ALIGN (0x8)
                [!provide]                        PROVIDE (end = .)
                0x20000238                        PROVIDE (_end = .)
                0x20000438                        . = (. + _Min_Heap_Size)
 *fill*         0x20000238      0x200 
                0x20000838                        . = (. + _Min_Stack_Size)
 *fill*         0x20000438      0x400 
                0x20000838                        . = ALIGN (0x8)

/DISCARD/
 libc.a(*)
 libm.a(*)
 libgcc.a(*)

.ARM.attributes
                0x00000000       0x28
 *(.ARM.attributes)
 .ARM.attributes
                0x00000000       0x1e C:/ST/STM32CubeIDE_1.15.0/STM32CubeIDE/plugins/com.st.stm32cube.ide.mcu.externaltools.gnu-tools-for-stm32.12.3.rel1.win32_1.0.100.202403111256/tools/bin/../lib/gcc/arm-none-eabi/12.3.1/thumb/v6-m/nofp/crti.o
 .ARM.attributes
                0x0000001e       0x2c C:/ST/STM32CubeIDE_1.15.0/STM32CubeIDE/plugins/com.st.stm32cube.ide.mcu.externaltools.gnu-tools-for-stm32.12.3.rel1.win32_1.0.100.202403111256/tools/bin/../lib/gcc/arm-none-eabi/12.3.1/thumb/v6-m/nofp/crtbegin.o
 .ARM.attributes
                0x0000004a       0x28 ./Core/Src/custom_interrupt.o
 .ARM.attributes
                0x00000072       0x28 ./Core/Src/main.o
 .ARM.attributes
                0x0000009a       0x28 ./Core/Src/stm32l0xx_hal_msp.o
 .ARM.attributes
                0x000000c2       0x28 ./Core/Src/stm32l0xx_it.o
 .ARM.attributes
                0x000000ea       0x28 ./Core/Src/system_stm32l0xx.o
 .ARM.attributes
                0x00000112       0x22 ./Core/Startup/startup_stm32l031f6px.o
 .ARM.attributes
                0x00000134       0x28 ./Drivers/STM32L0xx_HAL_Driver/Src/stm32l0xx_hal.o
 .ARM.attributes
                0x0000015c       0x28 ./Drivers/STM32L0xx_HAL_Driver/Src/stm32l0xx_hal_adc.o
 .ARM.attributes
                0x00000184       0x28 ./Drivers/STM32L0xx_HAL_Driver/Src/stm32l0xx_hal_adc_ex.o
 .ARM.attributes
                0x000001ac       0x28 ./Drivers/STM32L0xx_HAL_Driver/Src/stm32l0xx_hal_cortex.o
 .ARM.attributes
                0x000001d4       0x28 ./Drivers/STM32L0xx_HAL_Driver/Src/stm32l0xx_hal_dma.o
 .ARM.attributes
                0x000001fc       0x28 ./Drivers/STM32L0xx_HAL_Driver/Src/stm32l0xx_hal_exti.o
 .ARM.attributes
                0x00000224       0x28 ./Drivers/STM32L0xx_HAL_Driver/Src/stm32l0xx_hal_gpio.o
 .ARM.attributes
                0x0000024c       0x28 ./Drivers/STM32L0xx_HAL_Driver/Src/stm32l0xx_hal_i2c.o
 .ARM.attributes
                0x00000274       0x28 ./Drivers/STM32L0xx_HAL_Driver/Src/stm32l0xx_hal_i2c_ex.o
 .ARM.attributes
                0x0000029c       0x28 ./Drivers/STM32L0xx_HAL_Driver/Src/stm32l0xx_hal_rcc.o
 .ARM.attributes
                0x000002c4       0x28 ./Drivers/STM32L0xx_HAL_Driver/Src/stm32l0xx_hal_rcc_ex.o
 .ARM.attributes
                0x000002ec       0x2c C:/ST/STM32CubeIDE_1.15.0/STM32CubeIDE/plugins/com.st.stm32cube.ide.mcu.externaltools.gnu-tools-for-stm32.12.3.rel1.win32_1.0.100.202403111256/tools/bin/../lib/gcc/arm-none-eabi/12.3.1/../../../../arm-none-eabi/lib/thumb/v6-m/nofp\libc_nano.a(libc_a-memset.o)
 .ARM.attributes
                0x00000318       0x2c C:/ST/STM32CubeIDE_1.15.0/STM32CubeIDE/plugins/com.st.stm32cube.ide.mcu.externaltools.gnu-tools-for-stm32.12.3.rel1.win32_1.0.100.202403111256/tools/bin/../lib/gcc/arm-none-eabi/12.3.1/../../../../arm-none-eabi/lib/thumb/v6-m/nofp\libc_nano.a(libc_a-init.o)
 .ARM.attributes
                0x00000344       0x1e C:/ST/STM32CubeIDE_1.15.0/STM32CubeIDE/plugins/com.st.stm32cube.ide.mcu.externaltools.gnu-tools-for-stm32.12.3.rel1.win32_1.0.100.202403111256/tools/bin/../lib/gcc/arm-none-eabi/12.3.1/thumb/v6-m/nofp\libgcc.a(_udivsi3.o)
 .ARM.attributes
                0x00000362       0x1e C:/ST/STM32CubeIDE_1.15.0/STM32CubeIDE/plugins/com.st.stm32cube.ide.mcu.externaltools.gnu-tools-for-stm32.12.3.rel1.win32_1.0.100.202403111256/tools/bin/../lib/gcc/arm-none-eabi/12.3.1/thumb/v6-m/nofp\libgcc.a(_dvmd_tls.o)
 .ARM.attributes
                0x00000380       0x1e C:/ST/STM32CubeIDE_1.15.0/STM32CubeIDE/plugins/com.st.stm32cube.ide.mcu.externaltools.gnu-tools-for-stm32.12.3.rel1.win32_1.0.100.202403111256/tools/bin/../lib/gcc/arm-none-eabi/12.3.1/thumb/v6-m/nofp\libgcc.a(_aeabi_uldivmod.o)
 .ARM.attributes
                0x0000039e       0x2c C:/ST/STM32CubeIDE_1.15.0/STM32CubeIDE/plugins/com.st.stm32cube.ide.mcu.externaltools.gnu-tools-for-stm32.12.3.rel1.win32_1.0.100.202403111256/tools/bin/../lib/gcc/arm-none-eabi/12.3.1/thumb/v6-m/nofp\libgcc.a(_muldi3.o)
 .ARM.attributes
                0x000003ca       0x2c C:/ST/STM32CubeIDE_1.15.0/STM32CubeIDE/plugins/com.st.stm32cube.ide.mcu.externaltools.gnu-tools-for-stm32.12.3.rel1.win32_1.0.100.202403111256/tools/bin/../lib/gcc/arm-none-eabi/12.3.1/thumb/v6-m/nofp\libgcc.a(_udivmoddi4.o)
 .ARM.attributes
                0x000003f6       0x1e C:/ST/STM32CubeIDE_1.15.0/STM32CubeIDE/plugins/com.st.stm32cube.ide.mcu.externaltools.gnu-tools-for-stm32.12.3.rel1.win32_1.0.100.202403111256/tools/bin/../lib/gcc/arm-none-eabi/12.3.1/thumb/v6-m/nofp\libgcc.a(_clzsi2.o)
 .ARM.attributes
                0x00000414       0x1e C:/ST/STM32CubeIDE_1.15.0/STM32CubeIDE/plugins/com.st.stm32cube.ide.mcu.externaltools.gnu-tools-for-stm32.12.3.rel1.win32_1.0.100.202403111256/tools/bin/../lib/gcc/arm-none-eabi/12.3.1/thumb/v6-m/nofp\libgcc.a(_clzdi2.o)
 .ARM.attributes
                0x00000432       0x1e C:/ST/STM32CubeIDE_1.15.0/STM32CubeIDE/plugins/com.st.stm32cube.ide.mcu.externaltools.gnu-tools-for-stm32.12.3.rel1.win32_1.0.100.202403111256/tools/bin/../lib/gcc/arm-none-eabi/12.3.1/thumb/v6-m/nofp/crtn.o
OUTPUT(bettlebrain.elf elf32-littlearm)
LOAD linker stubs
LOAD C:/ST/STM32CubeIDE_1.15.0/STM32CubeIDE/plugins/com.st.stm32cube.ide.mcu.externaltools.gnu-tools-for-stm32.12.3.rel1.win32_1.0.100.202403111256/tools/bin/../lib/gcc/arm-none-eabi/12.3.1/../../../../arm-none-eabi/lib/thumb/v6-m/nofp\libc.a
LOAD C:/ST/STM32CubeIDE_1.15.0/STM32CubeIDE/plugins/com.st.stm32cube.ide.mcu.externaltools.gnu-tools-for-stm32.12.3.rel1.win32_1.0.100.202403111256/tools/bin/../lib/gcc/arm-none-eabi/12.3.1/../../../../arm-none-eabi/lib/thumb/v6-m/nofp\libm.a
LOAD C:/ST/STM32CubeIDE_1.15.0/STM32CubeIDE/plugins/com.st.stm32cube.ide.mcu.externaltools.gnu-tools-for-stm32.12.3.rel1.win32_1.0.100.202403111256/tools/bin/../lib/gcc/arm-none-eabi/12.3.1/thumb/v6-m/nofp\libgcc.a

.debug_info     0x00000000     0xf874
 .debug_info    0x00000000      0x3d8 ./Core/Src/custom_interrupt.o
 .debug_info    0x000003d8     0x1ed7 ./Core/Src/main.o
 .debug_info    0x000022af     0x1076 ./Core/Src/stm32l0xx_hal_msp.o
 .debug_info    0x00003325      0x5a8 ./Core/Src/stm32l0xx_it.o
 .debug_info    0x000038cd      0x30d ./Core/Src/system_stm32l0xx.o
 .debug_info    0x00003bda      0x8f4 ./Drivers/STM32L0xx_HAL_Driver/Src/stm32l0xx_hal.o
 .debug_info    0x000044ce      0xfe4 ./Drivers/STM32L0xx_HAL_Driver/Src/stm32l0xx_hal_adc.o
 .debug_info    0x000054b2      0x811 ./Drivers/STM32L0xx_HAL_Driver/Src/stm32l0xx_hal_adc_ex.o
 .debug_info    0x00005cc3      0x7df ./Drivers/STM32L0xx_HAL_Driver/Src/stm32l0xx_hal_cortex.o
 .debug_info    0x000064a2      0x87d ./Drivers/STM32L0xx_HAL_Driver/Src/stm32l0xx_hal_dma.o
 .debug_info    0x00006d1f      0x583 ./Drivers/STM32L0xx_HAL_Driver/Src/stm32l0xx_hal_exti.o
 .debug_info    0x000072a2      0x664 ./Drivers/STM32L0xx_HAL_Driver/Src/stm32l0xx_hal_gpio.o
 .debug_info    0x00007906     0x6529 ./Drivers/STM32L0xx_HAL_Driver/Src/stm32l0xx_hal_i2c.o
 .debug_info    0x0000de2f      0x8a5 ./Drivers/STM32L0xx_HAL_Driver/Src/stm32l0xx_hal_i2c_ex.o
 .debug_info    0x0000e6d4      0xcc0 ./Drivers/STM32L0xx_HAL_Driver/Src/stm32l0xx_hal_rcc.o
 .debug_info    0x0000f394      0x4e0 ./Drivers/STM32L0xx_HAL_Driver/Src/stm32l0xx_hal_rcc_ex.o

.debug_abbrev   0x00000000     0x2640
 .debug_abbrev  0x00000000      0x17f ./Core/Src/custom_interrupt.o
 .debug_abbrev  0x0000017f      0x38a ./Core/Src/main.o
 .debug_abbrev  0x00000509      0x253 ./Core/Src/stm32l0xx_hal_msp.o
 .debug_abbrev  0x0000075c      0x1f9 ./Core/Src/stm32l0xx_it.o
 .debug_abbrev  0x00000955      0x138 ./Core/Src/system_stm32l0xx.o
 .debug_abbrev  0x00000a8d      0x304 ./Drivers/STM32L0xx_HAL_Driver/Src/stm32l0xx_hal.o
 .debug_abbrev  0x00000d91      0x31d ./Drivers/STM32L0xx_HAL_Driver/Src/stm32l0xx_hal_adc.o
 .debug_abbrev  0x000010ae      0x205 ./Drivers/STM32L0xx_HAL_Driver/Src/stm32l0xx_hal_adc_ex.o
 .debug_abbrev  0x000012b3      0x28e ./Drivers/STM32L0xx_HAL_Driver/Src/stm32l0xx_hal_cortex.o
 .debug_abbrev  0x00001541      0x221 ./Drivers/STM32L0xx_HAL_Driver/Src/stm32l0xx_hal_dma.o
 .debug_abbrev  0x00001762      0x1ef ./Drivers/STM32L0xx_HAL_Driver/Src/stm32l0xx_hal_exti.o
 .debug_abbrev  0x00001951      0x1fb ./Drivers/STM32L0xx_HAL_Driver/Src/stm32l0xx_hal_gpio.o
 .debug_abbrev  0x00001b4c      0x40d ./Drivers/STM32L0xx_HAL_Driver/Src/stm32l0xx_hal_i2c.o
 .debug_abbrev  0x00001f59      0x1bf ./Drivers/STM32L0xx_HAL_Driver/Src/stm32l0xx_hal_i2c_ex.o
 .debug_abbrev  0x00002118      0x348 ./Drivers/STM32L0xx_HAL_Driver/Src/stm32l0xx_hal_rcc.o
 .debug_abbrev  0x00002460      0x1e0 ./Drivers/STM32L0xx_HAL_Driver/Src/stm32l0xx_hal_rcc_ex.o

.debug_aranges  0x00000000      0x208
 .debug_aranges
                0x00000000       0x20 ./Core/Src/custom_interrupt.o
 .debug_aranges
                0x00000020       0x28 ./Core/Src/main.o
 .debug_aranges
                0x00000048       0x20 ./Core/Src/stm32l0xx_hal_msp.o
 .debug_aranges
                0x00000068       0x20 ./Core/Src/stm32l0xx_it.o
 .debug_aranges
                0x00000088       0x20 ./Core/Src/system_stm32l0xx.o
 .debug_aranges
                0x000000a8       0x20 ./Drivers/STM32L0xx_HAL_Driver/Src/stm32l0xx_hal.o
 .debug_aranges
                0x000000c8       0x20 ./Drivers/STM32L0xx_HAL_Driver/Src/stm32l0xx_hal_adc.o
 .debug_aranges
                0x000000e8       0x20 ./Drivers/STM32L0xx_HAL_Driver/Src/stm32l0xx_hal_adc_ex.o
 .debug_aranges
                0x00000108       0x20 ./Drivers/STM32L0xx_HAL_Driver/Src/stm32l0xx_hal_cortex.o
 .debug_aranges
                0x00000128       0x20 ./Drivers/STM32L0xx_HAL_Driver/Src/stm32l0xx_hal_dma.o
 .debug_aranges
                0x00000148       0x20 ./Drivers/STM32L0xx_HAL_Driver/Src/stm32l0xx_hal_exti.o
 .debug_aranges
                0x00000168       0x20 ./Drivers/STM32L0xx_HAL_Driver/Src/stm32l0xx_hal_gpio.o
 .debug_aranges
                0x00000188       0x20 ./Drivers/STM32L0xx_HAL_Driver/Src/stm32l0xx_hal_i2c.o
 .debug_aranges
                0x000001a8       0x20 ./Drivers/STM32L0xx_HAL_Driver/Src/stm32l0xx_hal_i2c_ex.o
 .debug_aranges
                0x000001c8       0x20 ./Drivers/STM32L0xx_HAL_Driver/Src/stm32l0xx_hal_rcc.o
 .debug_aranges
                0x000001e8       0x20 ./Drivers/STM32L0xx_HAL_Driver/Src/stm32l0xx_hal_rcc_ex.o

.debug_macro    0x00000000    0x11488
 .debug_macro   0x00000000      0x1e7 ./Core/Src/custom_interrupt.o
 .debug_macro   0x000001e7      0x12b ./Core/Src/custom_interrupt.o
 .debug_macro   0x00000312       0x2e ./Core/Src/custom_interrupt.o
 .debug_macro   0x00000340       0x28 ./Core/Src/custom_interrupt.o
 .debug_macro   0x00000368       0x1c ./Core/Src/custom_interrupt.o
 .debug_macro   0x00000384       0x22 ./Core/Src/custom_interrupt.o
 .debug_macro   0x000003a6       0xaf ./Core/Src/custom_interrupt.o
 .debug_macro   0x00000455      0x3ad ./Core/Src/custom_interrupt.o
 .debug_macro   0x00000802     0x7f07 ./Core/Src/custom_interrupt.o
 .debug_macro   0x00008709       0x66 ./Core/Src/custom_interrupt.o
 .debug_macro   0x0000876f     0x3590 ./Core/Src/custom_interrupt.o
 .debug_macro   0x0000bcff       0x5c ./Core/Src/custom_interrupt.o
 .debug_macro   0x0000bd5b      0x8b4 ./Core/Src/custom_interrupt.o
 .debug_macro   0x0000c60f      0x474 ./Core/Src/custom_interrupt.o
 .debug_macro   0x0000ca83      0x189 ./Core/Src/custom_interrupt.o
 .debug_macro   0x0000cc0c      0x13f ./Core/Src/custom_interrupt.o
 .debug_macro   0x0000cd4b      0x10d ./Core/Src/custom_interrupt.o
 .debug_macro   0x0000ce58       0x82 ./Core/Src/custom_interrupt.o
 .debug_macro   0x0000ceda      0x28e ./Core/Src/custom_interrupt.o
 .debug_macro   0x0000d168       0x28 ./Core/Src/custom_interrupt.o
 .debug_macro   0x0000d190      0x4e1 ./Core/Src/custom_interrupt.o
 .debug_macro   0x0000d671       0x6b ./Core/Src/custom_interrupt.o
 .debug_macro   0x0000d6dc      0x128 ./Core/Src/custom_interrupt.o
 .debug_macro   0x0000d804      0x23b ./Core/Src/custom_interrupt.o
 .debug_macro   0x0000da3f      0x22c ./Core/Src/custom_interrupt.o
 .debug_macro   0x0000dc6b       0x5b ./Core/Src/custom_interrupt.o
 .debug_macro   0x0000dcc6       0xa5 ./Core/Src/custom_interrupt.o
 .debug_macro   0x0000dd6b      0x186 ./Core/Src/custom_interrupt.o
 .debug_macro   0x0000def1       0x16 ./Core/Src/custom_interrupt.o
 .debug_macro   0x0000df07      0x321 ./Core/Src/custom_interrupt.o
 .debug_macro   0x0000e228      0x420 ./Core/Src/custom_interrupt.o
 .debug_macro   0x0000e648       0xf2 ./Core/Src/custom_interrupt.o
 .debug_macro   0x0000e73a      0x788 ./Core/Src/custom_interrupt.o
 .debug_macro   0x0000eec2       0xc6 ./Core/Src/custom_interrupt.o
 .debug_macro   0x0000ef88      0x12a ./Core/Src/custom_interrupt.o
 .debug_macro   0x0000f0b2      0x366 ./Core/Src/main.o
 .debug_macro   0x0000f418       0x52 ./Core/Src/main.o
 .debug_macro   0x0000f46a      0x112 ./Core/Src/main.o
 .debug_macro   0x0000f57c       0x70 ./Core/Src/main.o
 .debug_macro   0x0000f5ec      0x366 ./Core/Src/stm32l0xx_hal_msp.o
 .debug_macro   0x0000f952      0x38c ./Core/Src/stm32l0xx_it.o
 .debug_macro   0x0000fcde      0x1dd ./Core/Src/system_stm32l0xx.o
 .debug_macro   0x0000febb      0x201 ./Drivers/STM32L0xx_HAL_Driver/Src/stm32l0xx_hal.o
 .debug_macro   0x000100bc      0x1ec ./Drivers/STM32L0xx_HAL_Driver/Src/stm32l0xx_hal_adc.o
 .debug_macro   0x000102a8      0x1ef ./Drivers/STM32L0xx_HAL_Driver/Src/stm32l0xx_hal_adc_ex.o
 .debug_macro   0x00010497      0x1dd ./Drivers/STM32L0xx_HAL_Driver/Src/stm32l0xx_hal_cortex.o
 .debug_macro   0x00010674      0x1dd ./Drivers/STM32L0xx_HAL_Driver/Src/stm32l0xx_hal_dma.o
 .debug_macro   0x00010851      0x1dd ./Drivers/STM32L0xx_HAL_Driver/Src/stm32l0xx_hal_exti.o
 .debug_macro   0x00010a2e      0x1e4 ./Drivers/STM32L0xx_HAL_Driver/Src/stm32l0xx_hal_gpio.o
 .debug_macro   0x00010c12      0x2a9 ./Drivers/STM32L0xx_HAL_Driver/Src/stm32l0xx_hal_i2c.o
 .debug_macro   0x00010ebb      0x1dd ./Drivers/STM32L0xx_HAL_Driver/Src/stm32l0xx_hal_i2c_ex.o
 .debug_macro   0x00011098      0x213 ./Drivers/STM32L0xx_HAL_Driver/Src/stm32l0xx_hal_rcc.o
 .debug_macro   0x000112ab      0x1dd ./Drivers/STM32L0xx_HAL_Driver/Src/stm32l0xx_hal_rcc_ex.o

.debug_line     0x00000000    0x14389
 .debug_line    0x00000000      0x806 ./Core/Src/custom_interrupt.o
 .debug_line    0x00000806     0x10e9 ./Core/Src/main.o
 .debug_line    0x000018ef      0xc6e ./Core/Src/stm32l0xx_hal_msp.o
 .debug_line    0x0000255d      0xb23 ./Core/Src/stm32l0xx_it.o
 .debug_line    0x00003080      0x874 ./Core/Src/system_stm32l0xx.o
 .debug_line    0x000038f4      0xaad ./Drivers/STM32L0xx_HAL_Driver/Src/stm32l0xx_hal.o
 .debug_line    0x000043a1     0x16ad ./Drivers/STM32L0xx_HAL_Driver/Src/stm32l0xx_hal_adc.o
 .debug_line    0x00005a4e      0xa02 ./Drivers/STM32L0xx_HAL_Driver/Src/stm32l0xx_hal_adc_ex.o
 .debug_line    0x00006450      0xac7 ./Drivers/STM32L0xx_HAL_Driver/Src/stm32l0xx_hal_cortex.o
 .debug_line    0x00006f17     0x100a ./Drivers/STM32L0xx_HAL_Driver/Src/stm32l0xx_hal_dma.o
 .debug_line    0x00007f21      0xb7a ./Drivers/STM32L0xx_HAL_Driver/Src/stm32l0xx_hal_exti.o
 .debug_line    0x00008a9b      0xca7 ./Drivers/STM32L0xx_HAL_Driver/Src/stm32l0xx_hal_gpio.o
 .debug_line    0x00009742     0x8043 ./Drivers/STM32L0xx_HAL_Driver/Src/stm32l0xx_hal_i2c.o
 .debug_line    0x00011785      0xaec ./Drivers/STM32L0xx_HAL_Driver/Src/stm32l0xx_hal_i2c_ex.o
 .debug_line    0x00012271     0x14e8 ./Drivers/STM32L0xx_HAL_Driver/Src/stm32l0xx_hal_rcc.o
 .debug_line    0x00013759      0xc30 ./Drivers/STM32L0xx_HAL_Driver/Src/stm32l0xx_hal_rcc_ex.o

.debug_str      0x00000000    0x73f14
 .debug_str     0x00000000    0x6c7b0 ./Core/Src/custom_interrupt.o
                              0x6cae7 (size before relaxing)
 .debug_str     0x0006c7b0     0x53ae ./Core/Src/main.o
                              0x71e7b (size before relaxing)
 .debug_str     0x00071b5e       0xc3 ./Core/Src/stm32l0xx_hal_msp.o
                              0x71664 (size before relaxing)
 .debug_str     0x00071c21      0x1bd ./Core/Src/stm32l0xx_it.o
                              0x71061 (size before relaxing)
 .debug_str     0x00071dde       0xa7 ./Core/Src/system_stm32l0xx.o
                              0x6c8ec (size before relaxing)
 .debug_str     0x00071e85      0x46d ./Drivers/STM32L0xx_HAL_Driver/Src/stm32l0xx_hal.o
                              0x6cf93 (size before relaxing)
 .debug_str     0x000722f2      0x2c4 ./Drivers/STM32L0xx_HAL_Driver/Src/stm32l0xx_hal_adc.o
                              0x6cfc4 (size before relaxing)
 .debug_str     0x000725b6      0x199 ./Drivers/STM32L0xx_HAL_Driver/Src/stm32l0xx_hal_adc_ex.o
                              0x6cdc4 (size before relaxing)
 .debug_str     0x0007274f      0x192 ./Drivers/STM32L0xx_HAL_Driver/Src/stm32l0xx_hal_cortex.o
                              0x6cbda (size before relaxing)
 .debug_str     0x000728e1      0x21e ./Drivers/STM32L0xx_HAL_Driver/Src/stm32l0xx_hal_dma.o
                              0x6cc60 (size before relaxing)
 .debug_str     0x00072aff       0xf1 ./Drivers/STM32L0xx_HAL_Driver/Src/stm32l0xx_hal_exti.o
                              0x6ca22 (size before relaxing)
 .debug_str     0x00072bf0       0xdc ./Drivers/STM32L0xx_HAL_Driver/Src/stm32l0xx_hal_gpio.o
                              0x6ca7e (size before relaxing)
 .debug_str     0x00072ccc      0xda6 ./Drivers/STM32L0xx_HAL_Driver/Src/stm32l0xx_hal_i2c.o
                              0x6dbec (size before relaxing)
 .debug_str     0x00073a72       0xb8 ./Drivers/STM32L0xx_HAL_Driver/Src/stm32l0xx_hal_i2c_ex.o
                              0x6ce6c (size before relaxing)
 .debug_str     0x00073b2a      0x2ca ./Drivers/STM32L0xx_HAL_Driver/Src/stm32l0xx_hal_rcc.o
                              0x6ce15 (size before relaxing)
 .debug_str     0x00073df4      0x120 ./Drivers/STM32L0xx_HAL_Driver/Src/stm32l0xx_hal_rcc_ex.o
                              0x6cae2 (size before relaxing)

.comment        0x00000000       0x43
 .comment       0x00000000       0x43 ./Core/Src/custom_interrupt.o
                                 0x44 (size before relaxing)
 .comment       0x00000043       0x44 ./Core/Src/main.o
 .comment       0x00000043       0x44 ./Core/Src/stm32l0xx_hal_msp.o
 .comment       0x00000043       0x44 ./Core/Src/stm32l0xx_it.o
 .comment       0x00000043       0x44 ./Core/Src/system_stm32l0xx.o
 .comment       0x00000043       0x44 ./Drivers/STM32L0xx_HAL_Driver/Src/stm32l0xx_hal.o
 .comment       0x00000043       0x44 ./Drivers/STM32L0xx_HAL_Driver/Src/stm32l0xx_hal_adc.o
 .comment       0x00000043       0x44 ./Drivers/STM32L0xx_HAL_Driver/Src/stm32l0xx_hal_adc_ex.o
 .comment       0x00000043       0x44 ./Drivers/STM32L0xx_HAL_Driver/Src/stm32l0xx_hal_cortex.o
 .comment       0x00000043       0x44 ./Drivers/STM32L0xx_HAL_Driver/Src/stm32l0xx_hal_dma.o
 .comment       0x00000043       0x44 ./Drivers/STM32L0xx_HAL_Driver/Src/stm32l0xx_hal_exti.o
 .comment       0x00000043       0x44 ./Drivers/STM32L0xx_HAL_Driver/Src/stm32l0xx_hal_gpio.o
 .comment       0x00000043       0x44 ./Drivers/STM32L0xx_HAL_Driver/Src/stm32l0xx_hal_i2c.o
 .comment       0x00000043       0x44 ./Drivers/STM32L0xx_HAL_Driver/Src/stm32l0xx_hal_i2c_ex.o
 .comment       0x00000043       0x44 ./Drivers/STM32L0xx_HAL_Driver/Src/stm32l0xx_hal_rcc.o
 .comment       0x00000043       0x44 ./Drivers/STM32L0xx_HAL_Driver/Src/stm32l0xx_hal_rcc_ex.o

.debug_frame    0x00000000     0x1780
 .debug_frame   0x00000000       0x54 ./Core/Src/custom_interrupt.o
 .debug_frame   0x00000054       0x64 ./Core/Src/main.o
 .debug_frame   0x000000b8       0xa8 ./Core/Src/stm32l0xx_hal_msp.o
 .debug_frame   0x00000160       0xb4 ./Core/Src/stm32l0xx_it.o
 .debug_frame   0x00000214       0x38 ./Core/Src/system_stm32l0xx.o
 .debug_frame   0x0000024c      0x234 ./Drivers/STM32L0xx_HAL_Driver/Src/stm32l0xx_hal.o
 .debug_frame   0x00000480      0x2a0 ./Drivers/STM32L0xx_HAL_Driver/Src/stm32l0xx_hal_adc.o
 .debug_frame   0x00000720       0xb0 ./Drivers/STM32L0xx_HAL_Driver/Src/stm32l0xx_hal_adc_ex.o
 .debug_frame   0x000007d0       0xe0 ./Drivers/STM32L0xx_HAL_Driver/Src/stm32l0xx_hal_cortex.o
 .debug_frame   0x000008b0      0x158 ./Drivers/STM32L0xx_HAL_Driver/Src/stm32l0xx_hal_dma.o
 .debug_frame   0x00000a08       0xcc ./Drivers/STM32L0xx_HAL_Driver/Src/stm32l0xx_hal_exti.o
 .debug_frame   0x00000ad4       0xd4 ./Drivers/STM32L0xx_HAL_Driver/Src/stm32l0xx_hal_gpio.o
 .debug_frame   0x00000ba8      0x82c ./Drivers/STM32L0xx_HAL_Driver/Src/stm32l0xx_hal_i2c.o
 .debug_frame   0x000013d4       0xb4 ./Drivers/STM32L0xx_HAL_Driver/Src/stm32l0xx_hal_i2c_ex.o
 .debug_frame   0x00001488      0x15c ./Drivers/STM32L0xx_HAL_Driver/Src/stm32l0xx_hal_rcc.o
 .debug_frame   0x000015e4       0xc0 ./Drivers/STM32L0xx_HAL_Driver/Src/stm32l0xx_hal_rcc_ex.o
 .debug_frame   0x000016a4       0x20 C:/ST/STM32CubeIDE_1.15.0/STM32CubeIDE/plugins/com.st.stm32cube.ide.mcu.externaltools.gnu-tools-for-stm32.12.3.rel1.win32_1.0.100.202403111256/tools/bin/../lib/gcc/arm-none-eabi/12.3.1/../../../../arm-none-eabi/lib/thumb/v6-m/nofp\libc_nano.a(libc_a-memset.o)
 .debug_frame   0x000016c4       0x2c C:/ST/STM32CubeIDE_1.15.0/STM32CubeIDE/plugins/com.st.stm32cube.ide.mcu.externaltools.gnu-tools-for-stm32.12.3.rel1.win32_1.0.100.202403111256/tools/bin/../lib/gcc/arm-none-eabi/12.3.1/../../../../arm-none-eabi/lib/thumb/v6-m/nofp\libc_nano.a(libc_a-init.o)
 .debug_frame   0x000016f0       0x20 C:/ST/STM32CubeIDE_1.15.0/STM32CubeIDE/plugins/com.st.stm32cube.ide.mcu.externaltools.gnu-tools-for-stm32.12.3.rel1.win32_1.0.100.202403111256/tools/bin/../lib/gcc/arm-none-eabi/12.3.1/thumb/v6-m/nofp\libgcc.a(_udivsi3.o)
 .debug_frame   0x00001710       0x34 C:/ST/STM32CubeIDE_1.15.0/STM32CubeIDE/plugins/com.st.stm32cube.ide.mcu.externaltools.gnu-tools-for-stm32.12.3.rel1.win32_1.0.100.202403111256/tools/bin/../lib/gcc/arm-none-eabi/12.3.1/thumb/v6-m/nofp\libgcc.a(_muldi3.o)
 .debug_frame   0x00001744       0x3c C:/ST/STM32CubeIDE_1.15.0/STM32CubeIDE/plugins/com.st.stm32cube.ide.mcu.externaltools.gnu-tools-for-stm32.12.3.rel1.win32_1.0.100.202403111256/tools/bin/../lib/gcc/arm-none-eabi/12.3.1/thumb/v6-m/nofp\libgcc.a(_udivmoddi4.o)

.debug_rnglists
                0x00000000      0x86c
 .debug_rnglists
                0x00000000       0x69 ./Core/Src/main.o
 .debug_rnglists
                0x00000069       0x30 ./Core/Src/stm32l0xx_hal_msp.o
 .debug_rnglists
                0x00000099       0x31 ./Drivers/STM32L0xx_HAL_Driver/Src/stm32l0xx_hal_cortex.o
 .debug_rnglists
                0x000000ca       0x2c ./Drivers/STM32L0xx_HAL_Driver/Src/stm32l0xx_hal_dma.o
 .debug_rnglists
                0x000000f6      0x6f0 ./Drivers/STM32L0xx_HAL_Driver/Src/stm32l0xx_hal_i2c.o
 .debug_rnglists
                0x000007e6       0x86 ./Drivers/STM32L0xx_HAL_Driver/Src/stm32l0xx_hal_rcc.o

.debug_loclists
                0x00000000     0x81a4
 .debug_loclists
                0x00000000       0xb7 ./Core/Src/stm32l0xx_hal_msp.o
 .debug_loclists
                0x000000b7       0x3c ./Core/Src/stm32l0xx_it.o
 .debug_loclists
                0x000000f3      0x139 ./Core/Src/system_stm32l0xx.o
 .debug_loclists
                0x0000022c       0xf6 ./Drivers/STM32L0xx_HAL_Driver/Src/stm32l0xx_hal.o
 .debug_loclists
                0x00000322      0x808 ./Drivers/STM32L0xx_HAL_Driver/Src/stm32l0xx_hal_adc.o
 .debug_loclists
                0x00000b2a      0x1b1 ./Drivers/STM32L0xx_HAL_Driver/Src/stm32l0xx_hal_adc_ex.o
 .debug_loclists
                0x00000cdb      0x1b8 ./Drivers/STM32L0xx_HAL_Driver/Src/stm32l0xx_hal_cortex.o
 .debug_loclists
                0x00000e93      0x5f9 ./Drivers/STM32L0xx_HAL_Driver/Src/stm32l0xx_hal_dma.o
 .debug_loclists
                0x0000148c      0x2db ./Drivers/STM32L0xx_HAL_Driver/Src/stm32l0xx_hal_exti.o
 .debug_loclists
                0x00001767      0x364 ./Drivers/STM32L0xx_HAL_Driver/Src/stm32l0xx_hal_gpio.o
 .debug_loclists
                0x00001acb     0x5f07 ./Drivers/STM32L0xx_HAL_Driver/Src/stm32l0xx_hal_i2c.o
 .debug_loclists
                0x000079d2      0x117 ./Drivers/STM32L0xx_HAL_Driver/Src/stm32l0xx_hal_i2c_ex.o
 .debug_loclists
                0x00007ae9      0x4b0 ./Drivers/STM32L0xx_HAL_Driver/Src/stm32l0xx_hal_rcc.o
 .debug_loclists
                0x00007f99      0x20b ./Drivers/STM32L0xx_HAL_Driver/Src/stm32l0xx_hal_rcc_ex.o
