../Core/Src/VL53L0x.c:37:5:_I2CWrite	16	static
../Core/Src/VL53L0x.c:43:5:_I2CRead	16	static
../Core/Src/VL53L0x.c:53:6:writeReg	16	static
../Core/Src/VL53L0x.c:62:6:writeReg16Bit	16	static
../Core/Src/VL53L0x.c:72:6:writeReg32Bit	16	static
../Core/Src/VL53L0x.c:83:9:readReg	32	static
../Core/Src/VL53L0x.c:93:10:readReg16Bit	24	static
../Core/Src/VL53L0x.c:103:10:readReg32Bit	24	static
../Core/Src/VL53L0x.c:113:6:writeMulti	24	static
../Core/Src/VL53L0x.c:122:6:readMulti	32	static
../Core/Src/VL53L0x.c:132:6:setAddress	16	static
../Core/Src/VL53L0x.c:137:9:getAddress	0	static
../Core/Src/VL53L0x.c:377:6:setSignalRateLimit	24	static
../Core/Src/VL53L0x.c:387:7:getSignalRateLimit	24	static
../Core/Src/VL53L0x.c:719:9:getVcselPulsePeriod	32	static
../Core/Src/VL53L0x.c:738:6:startContinuous	48	static
../Core/Src/VL53L0x.c:776:6:stopContinuous	40	static
../Core/Src/VL53L0x.c:791:10:readRangeContinuousMillimeters	64	static
../Core/Src/VL53L0x.c:834:10:readRangeSingleMillimeters	64	static
../Core/Src/VL53L0x.c:856:6:timeoutOccurred	0	static
../Core/Src/VL53L0x.c:863:6:setTimeout	0	static
../Core/Src/VL53L0x.c:867:10:getTimeout	0	static
../Core/Src/VL53L0x.c:876:6:getSpadInfo	64	static
../Core/Src/VL53L0x.c:918:6:getSequenceStepEnables	40	static
../Core/Src/VL53L0x.c:933:6:getSequenceStepTimeouts	56	static
../Core/Src/VL53L0x.c:399:6:setMeasurementTimingBudget	80	static
../Core/Src/VL53L0x.c:488:10:getMeasurementTimingBudget	72	static
../Core/Src/VL53L0x.c:1020:6:performSingleRefCalibration	56	static
../Core/Src/VL53L0x.c:149:6:initVL53L0X	64	static
../Core/Src/VL53L0x.c:542:6:setVcselPulsePeriod	88	static
